app/api/chat/route.ts(1,22): error TS2724: '"ai"' has no exported member named 'Message'. Did you mean 'UIMessage'?
components/FollowUpChat.tsx(17,21): error TS2339: Property 'input' does not exist on type 'UseChatHelpers<UIMessage<unknown, UIDataTypes, UITools>>'.
components/FollowUpChat.tsx(17,28): error TS2339: Property 'handleInputChange' does not exist on type 'UseChatHelpers<UIMessage<unknown, UIDataTypes, UITools>>'.
components/FollowUpChat.tsx(17,47): error TS2339: Property 'handleSubmit' does not exist on type 'UseChatHelpers<UIMessage<unknown, UIDataTypes, UITools>>'.
components/FollowUpChat.tsx(17,61): error TS2339: Property 'isLoading' does not exist on type 'UseChatHelpers<UIMessage<unknown, UIDataTypes, UITools>>'.
components/FollowUpChat.tsx(18,5): error TS2353: Object literal may only specify known properties, and 'api' does not exist in type 'UseChatOptions<UIMessage<unknown, UIDataTypes, UITools>>'.
components/FollowUpChat.tsx(129,26): error TS2339: Property 'content' does not exist on type 'UIMessage<unknown, UIDataTypes, UITools>'.
components/FollowUpChat.tsx(129,52): error TS7006: Parameter 'line' implicitly has an 'any' type.
components/FollowUpChat.tsx(129,58): error TS7006: Parameter 'i' implicitly has an 'any' type.
