app/api/chat/route.ts(38,19): error TS2551: Property 'toDataStreamResponse' does not exist on type 'StreamTextResult<ToolSet, Output<string, string, never>>'. Did you mean 'toTextStreamResponse'?
components/FollowUpChat.tsx(3,25): error TS2307: Cannot find module 'ai/react' or its corresponding type declarations.
components/FollowUpChat.tsx(23,15): error TS7006: Parameter 'e' implicitly has an 'any' type.
components/FollowUpChat.tsx(123,31): error TS7006: Parameter 'm' implicitly has an 'any' type.
components/FollowUpChat.tsx(129,52): error TS7006: Parameter 'line' implicitly has an 'any' type.
components/FollowUpChat.tsx(129,58): error TS7006: Parameter 'i' implicitly has an 'any' type.
